// Jest Snapshot v1, https://goo.gl/fbAQLP

exports[`Footer renders properly 1`] = `
ShallowWrapper {
  "length": 1,
  Symbol(enzyme.__root__): [Circular],
  Symbol(enzyme.__unrendered__): <Footer />,
  Symbol(enzyme.__renderer__): Object {
    "batchedUpdates": [Function],
    "getNode": [Function],
    "render": [Function],
    "simulateEvent": [Function],
    "unmount": [Function],
  },
  Symbol(enzyme.__node__): Object {
    "instance": null,
    "key": undefined,
    "nodeType": "host",
    "props": Object {
      "children": Array [
        <div
          className="container"
>
          <div
                    className="row"
          >
                    <div
                              className="col l9 s12"
                    >
                              <h5
                                        className="white-text"
                              >
                                        Simple Polls
                              </h5>
                              <p
                                        className="grey-text text-lighten-4"
                              >
                                        Lorem ipsum dolor sit amet, consectetur adipisicing elit. Dignissimos earum veritatis numquam beatae harum fuga culpa itaque quaerat minus omnis accusantium ipsam aperiam esse mollitia, tempore porro, a quasi libero!
                              </p>
                    </div>
                    <div
                              className="col l3 s12 nav"
                    >
                              <h5
                                        className="white-text"
                              >
                                        Site Navigation
                              </h5>
                              <ul>
                                        <li>
                                                  <a
                                                            className="white-text"
                                                            href="#!"
                                                  >
                                                            Homepage
                                                  </a>
                                        </li>
                                        <li>
                                                  <a
                                                            className="white-text"
                                                            href="#!"
                                                  >
                                                            Dashboard
                                                  </a>
                                        </li>
                                        <li>
                                                  <a
                                                            className="white-text"
                                                            href="#!"
                                                  >
                                                            Create a Poll
                                                  </a>
                                        </li>
                                        <li>
                                                  <a
                                                            className="white-text"
                                                            href="#!"
                                                  >
                                                            GitHub Repo
                                                  </a>
                                        </li>
                              </ul>
                    </div>
          </div>
</div>,
        <div
          className="footer-copyright"
>
          <div
                    className="container"
          >
                    Made with 
                    <span
                              className="heart"
                    >
                              ♥
                    </span>
                     by
                     
                    <a
                              className="text-lighten-3"
                              href="https://dougwt.com"
                    >
                              @dougwt
                    </a>
          </div>
</div>,
      ],
      "className": "page-footer",
    },
    "ref": null,
    "rendered": Array [
      Object {
        "instance": null,
        "key": undefined,
        "nodeType": "host",
        "props": Object {
          "children": <div
            className="row"
>
            <div
                        className="col l9 s12"
            >
                        <h5
                                    className="white-text"
                        >
                                    Simple Polls
                        </h5>
                        <p
                                    className="grey-text text-lighten-4"
                        >
                                    Lorem ipsum dolor sit amet, consectetur adipisicing elit. Dignissimos earum veritatis numquam beatae harum fuga culpa itaque quaerat minus omnis accusantium ipsam aperiam esse mollitia, tempore porro, a quasi libero!
                        </p>
            </div>
            <div
                        className="col l3 s12 nav"
            >
                        <h5
                                    className="white-text"
                        >
                                    Site Navigation
                        </h5>
                        <ul>
                                    <li>
                                                <a
                                                            className="white-text"
                                                            href="#!"
                                                >
                                                            Homepage
                                                </a>
                                    </li>
                                    <li>
                                                <a
                                                            className="white-text"
                                                            href="#!"
                                                >
                                                            Dashboard
                                                </a>
                                    </li>
                                    <li>
                                                <a
                                                            className="white-text"
                                                            href="#!"
                                                >
                                                            Create a Poll
                                                </a>
                                    </li>
                                    <li>
                                                <a
                                                            className="white-text"
                                                            href="#!"
                                                >
                                                            GitHub Repo
                                                </a>
                                    </li>
                        </ul>
            </div>
</div>,
          "className": "container",
        },
        "ref": null,
        "rendered": Object {
          "instance": null,
          "key": undefined,
          "nodeType": "host",
          "props": Object {
            "children": Array [
              <div
                className="col l9 s12"
>
                <h5
                                className="white-text"
                >
                                Simple Polls
                </h5>
                <p
                                className="grey-text text-lighten-4"
                >
                                Lorem ipsum dolor sit amet, consectetur adipisicing elit. Dignissimos earum veritatis numquam beatae harum fuga culpa itaque quaerat minus omnis accusantium ipsam aperiam esse mollitia, tempore porro, a quasi libero!
                </p>
</div>,
              <div
                className="col l3 s12 nav"
>
                <h5
                                className="white-text"
                >
                                Site Navigation
                </h5>
                <ul>
                                <li>
                                                <a
                                                                className="white-text"
                                                                href="#!"
                                                >
                                                                Homepage
                                                </a>
                                </li>
                                <li>
                                                <a
                                                                className="white-text"
                                                                href="#!"
                                                >
                                                                Dashboard
                                                </a>
                                </li>
                                <li>
                                                <a
                                                                className="white-text"
                                                                href="#!"
                                                >
                                                                Create a Poll
                                                </a>
                                </li>
                                <li>
                                                <a
                                                                className="white-text"
                                                                href="#!"
                                                >
                                                                GitHub Repo
                                                </a>
                                </li>
                </ul>
</div>,
            ],
            "className": "row",
          },
          "ref": null,
          "rendered": Array [
            Object {
              "instance": null,
              "key": undefined,
              "nodeType": "host",
              "props": Object {
                "children": Array [
                  <h5
                    className="white-text"
>
                    Simple Polls
</h5>,
                  <p
                    className="grey-text text-lighten-4"
>
                    Lorem ipsum dolor sit amet, consectetur adipisicing elit. Dignissimos earum veritatis numquam beatae harum fuga culpa itaque quaerat minus omnis accusantium ipsam aperiam esse mollitia, tempore porro, a quasi libero!
</p>,
                ],
                "className": "col l9 s12",
              },
              "ref": null,
              "rendered": Array [
                Object {
                  "instance": null,
                  "key": undefined,
                  "nodeType": "host",
                  "props": Object {
                    "children": "Simple Polls",
                    "className": "white-text",
                  },
                  "ref": null,
                  "rendered": "Simple Polls",
                  "type": "h5",
                },
                Object {
                  "instance": null,
                  "key": undefined,
                  "nodeType": "host",
                  "props": Object {
                    "children": "Lorem ipsum dolor sit amet, consectetur adipisicing elit. Dignissimos earum veritatis numquam beatae harum fuga culpa itaque quaerat minus omnis accusantium ipsam aperiam esse mollitia, tempore porro, a quasi libero!",
                    "className": "grey-text text-lighten-4",
                  },
                  "ref": null,
                  "rendered": "Lorem ipsum dolor sit amet, consectetur adipisicing elit. Dignissimos earum veritatis numquam beatae harum fuga culpa itaque quaerat minus omnis accusantium ipsam aperiam esse mollitia, tempore porro, a quasi libero!",
                  "type": "p",
                },
              ],
              "type": "div",
            },
            Object {
              "instance": null,
              "key": undefined,
              "nodeType": "host",
              "props": Object {
                "children": Array [
                  <h5
                    className="white-text"
>
                    Site Navigation
</h5>,
                  <ul>
                    <li>
                                        <a
                                                            className="white-text"
                                                            href="#!"
                                        >
                                                            Homepage
                                        </a>
                    </li>
                    <li>
                                        <a
                                                            className="white-text"
                                                            href="#!"
                                        >
                                                            Dashboard
                                        </a>
                    </li>
                    <li>
                                        <a
                                                            className="white-text"
                                                            href="#!"
                                        >
                                                            Create a Poll
                                        </a>
                    </li>
                    <li>
                                        <a
                                                            className="white-text"
                                                            href="#!"
                                        >
                                                            GitHub Repo
                                        </a>
                    </li>
</ul>,
                ],
                "className": "col l3 s12 nav",
              },
              "ref": null,
              "rendered": Array [
                Object {
                  "instance": null,
                  "key": undefined,
                  "nodeType": "host",
                  "props": Object {
                    "children": "Site Navigation",
                    "className": "white-text",
                  },
                  "ref": null,
                  "rendered": "Site Navigation",
                  "type": "h5",
                },
                Object {
                  "instance": null,
                  "key": undefined,
                  "nodeType": "host",
                  "props": Object {
                    "children": Array [
                      <li>
                        <a
                                                className="white-text"
                                                href="#!"
                        >
                                                Homepage
                        </a>
</li>,
                      <li>
                        <a
                                                className="white-text"
                                                href="#!"
                        >
                                                Dashboard
                        </a>
</li>,
                      <li>
                        <a
                                                className="white-text"
                                                href="#!"
                        >
                                                Create a Poll
                        </a>
</li>,
                      <li>
                        <a
                                                className="white-text"
                                                href="#!"
                        >
                                                GitHub Repo
                        </a>
</li>,
                    ],
                  },
                  "ref": null,
                  "rendered": Array [
                    Object {
                      "instance": null,
                      "key": undefined,
                      "nodeType": "host",
                      "props": Object {
                        "children": <a
                          className="white-text"
                          href="#!"
>
                          Homepage
</a>,
                      },
                      "ref": null,
                      "rendered": Object {
                        "instance": null,
                        "key": undefined,
                        "nodeType": "host",
                        "props": Object {
                          "children": "Homepage",
                          "className": "white-text",
                          "href": "#!",
                        },
                        "ref": null,
                        "rendered": "Homepage",
                        "type": "a",
                      },
                      "type": "li",
                    },
                    Object {
                      "instance": null,
                      "key": undefined,
                      "nodeType": "host",
                      "props": Object {
                        "children": <a
                          className="white-text"
                          href="#!"
>
                          Dashboard
</a>,
                      },
                      "ref": null,
                      "rendered": Object {
                        "instance": null,
                        "key": undefined,
                        "nodeType": "host",
                        "props": Object {
                          "children": "Dashboard",
                          "className": "white-text",
                          "href": "#!",
                        },
                        "ref": null,
                        "rendered": "Dashboard",
                        "type": "a",
                      },
                      "type": "li",
                    },
                    Object {
                      "instance": null,
                      "key": undefined,
                      "nodeType": "host",
                      "props": Object {
                        "children": <a
                          className="white-text"
                          href="#!"
>
                          Create a Poll
</a>,
                      },
                      "ref": null,
                      "rendered": Object {
                        "instance": null,
                        "key": undefined,
                        "nodeType": "host",
                        "props": Object {
                          "children": "Create a Poll",
                          "className": "white-text",
                          "href": "#!",
                        },
                        "ref": null,
                        "rendered": "Create a Poll",
                        "type": "a",
                      },
                      "type": "li",
                    },
                    Object {
                      "instance": null,
                      "key": undefined,
                      "nodeType": "host",
                      "props": Object {
                        "children": <a
                          className="white-text"
                          href="#!"
>
                          GitHub Repo
</a>,
                      },
                      "ref": null,
                      "rendered": Object {
                        "instance": null,
                        "key": undefined,
                        "nodeType": "host",
                        "props": Object {
                          "children": "GitHub Repo",
                          "className": "white-text",
                          "href": "#!",
                        },
                        "ref": null,
                        "rendered": "GitHub Repo",
                        "type": "a",
                      },
                      "type": "li",
                    },
                  ],
                  "type": "ul",
                },
              ],
              "type": "div",
            },
          ],
          "type": "div",
        },
        "type": "div",
      },
      Object {
        "instance": null,
        "key": undefined,
        "nodeType": "host",
        "props": Object {
          "children": <div
            className="container"
>
            Made with 
            <span
                        className="heart"
            >
                        ♥
            </span>
             by
             
            <a
                        className="text-lighten-3"
                        href="https://dougwt.com"
            >
                        @dougwt
            </a>
</div>,
          "className": "footer-copyright",
        },
        "ref": null,
        "rendered": Object {
          "instance": null,
          "key": undefined,
          "nodeType": "host",
          "props": Object {
            "children": Array [
              "Made with ",
              <span
                className="heart"
>
                ♥
</span>,
              " by",
              " ",
              <a
                className="text-lighten-3"
                href="https://dougwt.com"
>
                @dougwt
</a>,
            ],
            "className": "container",
          },
          "ref": null,
          "rendered": Array [
            "Made with ",
            Object {
              "instance": null,
              "key": undefined,
              "nodeType": "host",
              "props": Object {
                "children": "♥",
                "className": "heart",
              },
              "ref": null,
              "rendered": "♥",
              "type": "span",
            },
            " by",
            " ",
            Object {
              "instance": null,
              "key": undefined,
              "nodeType": "host",
              "props": Object {
                "children": "@dougwt",
                "className": "text-lighten-3",
                "href": "https://dougwt.com",
              },
              "ref": null,
              "rendered": "@dougwt",
              "type": "a",
            },
          ],
          "type": "div",
        },
        "type": "div",
      },
    ],
    "type": "footer",
  },
  Symbol(enzyme.__nodes__): Array [
    Object {
      "instance": null,
      "key": undefined,
      "nodeType": "host",
      "props": Object {
        "children": Array [
          <div
            className="container"
>
            <div
                        className="row"
            >
                        <div
                                    className="col l9 s12"
                        >
                                    <h5
                                                className="white-text"
                                    >
                                                Simple Polls
                                    </h5>
                                    <p
                                                className="grey-text text-lighten-4"
                                    >
                                                Lorem ipsum dolor sit amet, consectetur adipisicing elit. Dignissimos earum veritatis numquam beatae harum fuga culpa itaque quaerat minus omnis accusantium ipsam aperiam esse mollitia, tempore porro, a quasi libero!
                                    </p>
                        </div>
                        <div
                                    className="col l3 s12 nav"
                        >
                                    <h5
                                                className="white-text"
                                    >
                                                Site Navigation
                                    </h5>
                                    <ul>
                                                <li>
                                                            <a
                                                                        className="white-text"
                                                                        href="#!"
                                                            >
                                                                        Homepage
                                                            </a>
                                                </li>
                                                <li>
                                                            <a
                                                                        className="white-text"
                                                                        href="#!"
                                                            >
                                                                        Dashboard
                                                            </a>
                                                </li>
                                                <li>
                                                            <a
                                                                        className="white-text"
                                                                        href="#!"
                                                            >
                                                                        Create a Poll
                                                            </a>
                                                </li>
                                                <li>
                                                            <a
                                                                        className="white-text"
                                                                        href="#!"
                                                            >
                                                                        GitHub Repo
                                                            </a>
                                                </li>
                                    </ul>
                        </div>
            </div>
</div>,
          <div
            className="footer-copyright"
>
            <div
                        className="container"
            >
                        Made with 
                        <span
                                    className="heart"
                        >
                                    ♥
                        </span>
                         by
                         
                        <a
                                    className="text-lighten-3"
                                    href="https://dougwt.com"
                        >
                                    @dougwt
                        </a>
            </div>
</div>,
        ],
        "className": "page-footer",
      },
      "ref": null,
      "rendered": Array [
        Object {
          "instance": null,
          "key": undefined,
          "nodeType": "host",
          "props": Object {
            "children": <div
              className="row"
>
              <div
                            className="col l9 s12"
              >
                            <h5
                                          className="white-text"
                            >
                                          Simple Polls
                            </h5>
                            <p
                                          className="grey-text text-lighten-4"
                            >
                                          Lorem ipsum dolor sit amet, consectetur adipisicing elit. Dignissimos earum veritatis numquam beatae harum fuga culpa itaque quaerat minus omnis accusantium ipsam aperiam esse mollitia, tempore porro, a quasi libero!
                            </p>
              </div>
              <div
                            className="col l3 s12 nav"
              >
                            <h5
                                          className="white-text"
                            >
                                          Site Navigation
                            </h5>
                            <ul>
                                          <li>
                                                        <a
                                                                      className="white-text"
                                                                      href="#!"
                                                        >
                                                                      Homepage
                                                        </a>
                                          </li>
                                          <li>
                                                        <a
                                                                      className="white-text"
                                                                      href="#!"
                                                        >
                                                                      Dashboard
                                                        </a>
                                          </li>
                                          <li>
                                                        <a
                                                                      className="white-text"
                                                                      href="#!"
                                                        >
                                                                      Create a Poll
                                                        </a>
                                          </li>
                                          <li>
                                                        <a
                                                                      className="white-text"
                                                                      href="#!"
                                                        >
                                                                      GitHub Repo
                                                        </a>
                                          </li>
                            </ul>
              </div>
</div>,
            "className": "container",
          },
          "ref": null,
          "rendered": Object {
            "instance": null,
            "key": undefined,
            "nodeType": "host",
            "props": Object {
              "children": Array [
                <div
                  className="col l9 s12"
>
                  <h5
                                    className="white-text"
                  >
                                    Simple Polls
                  </h5>
                  <p
                                    className="grey-text text-lighten-4"
                  >
                                    Lorem ipsum dolor sit amet, consectetur adipisicing elit. Dignissimos earum veritatis numquam beatae harum fuga culpa itaque quaerat minus omnis accusantium ipsam aperiam esse mollitia, tempore porro, a quasi libero!
                  </p>
</div>,
                <div
                  className="col l3 s12 nav"
>
                  <h5
                                    className="white-text"
                  >
                                    Site Navigation
                  </h5>
                  <ul>
                                    <li>
                                                      <a
                                                                        className="white-text"
                                                                        href="#!"
                                                      >
                                                                        Homepage
                                                      </a>
                                    </li>
                                    <li>
                                                      <a
                                                                        className="white-text"
                                                                        href="#!"
                                                      >
                                                                        Dashboard
                                                      </a>
                                    </li>
                                    <li>
                                                      <a
                                                                        className="white-text"
                                                                        href="#!"
                                                      >
                                                                        Create a Poll
                                                      </a>
                                    </li>
                                    <li>
                                                      <a
                                                                        className="white-text"
                                                                        href="#!"
                                                      >
                                                                        GitHub Repo
                                                      </a>
                                    </li>
                  </ul>
</div>,
              ],
              "className": "row",
            },
            "ref": null,
            "rendered": Array [
              Object {
                "instance": null,
                "key": undefined,
                "nodeType": "host",
                "props": Object {
                  "children": Array [
                    <h5
                      className="white-text"
>
                      Simple Polls
</h5>,
                    <p
                      className="grey-text text-lighten-4"
>
                      Lorem ipsum dolor sit amet, consectetur adipisicing elit. Dignissimos earum veritatis numquam beatae harum fuga culpa itaque quaerat minus omnis accusantium ipsam aperiam esse mollitia, tempore porro, a quasi libero!
</p>,
                  ],
                  "className": "col l9 s12",
                },
                "ref": null,
                "rendered": Array [
                  Object {
                    "instance": null,
                    "key": undefined,
                    "nodeType": "host",
                    "props": Object {
                      "children": "Simple Polls",
                      "className": "white-text",
                    },
                    "ref": null,
                    "rendered": "Simple Polls",
                    "type": "h5",
                  },
                  Object {
                    "instance": null,
                    "key": undefined,
                    "nodeType": "host",
                    "props": Object {
                      "children": "Lorem ipsum dolor sit amet, consectetur adipisicing elit. Dignissimos earum veritatis numquam beatae harum fuga culpa itaque quaerat minus omnis accusantium ipsam aperiam esse mollitia, tempore porro, a quasi libero!",
                      "className": "grey-text text-lighten-4",
                    },
                    "ref": null,
                    "rendered": "Lorem ipsum dolor sit amet, consectetur adipisicing elit. Dignissimos earum veritatis numquam beatae harum fuga culpa itaque quaerat minus omnis accusantium ipsam aperiam esse mollitia, tempore porro, a quasi libero!",
                    "type": "p",
                  },
                ],
                "type": "div",
              },
              Object {
                "instance": null,
                "key": undefined,
                "nodeType": "host",
                "props": Object {
                  "children": Array [
                    <h5
                      className="white-text"
>
                      Site Navigation
</h5>,
                    <ul>
                      <li>
                                            <a
                                                                  className="white-text"
                                                                  href="#!"
                                            >
                                                                  Homepage
                                            </a>
                      </li>
                      <li>
                                            <a
                                                                  className="white-text"
                                                                  href="#!"
                                            >
                                                                  Dashboard
                                            </a>
                      </li>
                      <li>
                                            <a
                                                                  className="white-text"
                                                                  href="#!"
                                            >
                                                                  Create a Poll
                                            </a>
                      </li>
                      <li>
                                            <a
                                                                  className="white-text"
                                                                  href="#!"
                                            >
                                                                  GitHub Repo
                                            </a>
                      </li>
</ul>,
                  ],
                  "className": "col l3 s12 nav",
                },
                "ref": null,
                "rendered": Array [
                  Object {
                    "instance": null,
                    "key": undefined,
                    "nodeType": "host",
                    "props": Object {
                      "children": "Site Navigation",
                      "className": "white-text",
                    },
                    "ref": null,
                    "rendered": "Site Navigation",
                    "type": "h5",
                  },
                  Object {
                    "instance": null,
                    "key": undefined,
                    "nodeType": "host",
                    "props": Object {
                      "children": Array [
                        <li>
                          <a
                                                    className="white-text"
                                                    href="#!"
                          >
                                                    Homepage
                          </a>
</li>,
                        <li>
                          <a
                                                    className="white-text"
                                                    href="#!"
                          >
                                                    Dashboard
                          </a>
</li>,
                        <li>
                          <a
                                                    className="white-text"
                                                    href="#!"
                          >
                                                    Create a Poll
                          </a>
</li>,
                        <li>
                          <a
                                                    className="white-text"
                                                    href="#!"
                          >
                                                    GitHub Repo
                          </a>
</li>,
                      ],
                    },
                    "ref": null,
                    "rendered": Array [
                      Object {
                        "instance": null,
                        "key": undefined,
                        "nodeType": "host",
                        "props": Object {
                          "children": <a
                            className="white-text"
                            href="#!"
>
                            Homepage
</a>,
                        },
                        "ref": null,
                        "rendered": Object {
                          "instance": null,
                          "key": undefined,
                          "nodeType": "host",
                          "props": Object {
                            "children": "Homepage",
                            "className": "white-text",
                            "href": "#!",
                          },
                          "ref": null,
                          "rendered": "Homepage",
                          "type": "a",
                        },
                        "type": "li",
                      },
                      Object {
                        "instance": null,
                        "key": undefined,
                        "nodeType": "host",
                        "props": Object {
                          "children": <a
                            className="white-text"
                            href="#!"
>
                            Dashboard
</a>,
                        },
                        "ref": null,
                        "rendered": Object {
                          "instance": null,
                          "key": undefined,
                          "nodeType": "host",
                          "props": Object {
                            "children": "Dashboard",
                            "className": "white-text",
                            "href": "#!",
                          },
                          "ref": null,
                          "rendered": "Dashboard",
                          "type": "a",
                        },
                        "type": "li",
                      },
                      Object {
                        "instance": null,
                        "key": undefined,
                        "nodeType": "host",
                        "props": Object {
                          "children": <a
                            className="white-text"
                            href="#!"
>
                            Create a Poll
</a>,
                        },
                        "ref": null,
                        "rendered": Object {
                          "instance": null,
                          "key": undefined,
                          "nodeType": "host",
                          "props": Object {
                            "children": "Create a Poll",
                            "className": "white-text",
                            "href": "#!",
                          },
                          "ref": null,
                          "rendered": "Create a Poll",
                          "type": "a",
                        },
                        "type": "li",
                      },
                      Object {
                        "instance": null,
                        "key": undefined,
                        "nodeType": "host",
                        "props": Object {
                          "children": <a
                            className="white-text"
                            href="#!"
>
                            GitHub Repo
</a>,
                        },
                        "ref": null,
                        "rendered": Object {
                          "instance": null,
                          "key": undefined,
                          "nodeType": "host",
                          "props": Object {
                            "children": "GitHub Repo",
                            "className": "white-text",
                            "href": "#!",
                          },
                          "ref": null,
                          "rendered": "GitHub Repo",
                          "type": "a",
                        },
                        "type": "li",
                      },
                    ],
                    "type": "ul",
                  },
                ],
                "type": "div",
              },
            ],
            "type": "div",
          },
          "type": "div",
        },
        Object {
          "instance": null,
          "key": undefined,
          "nodeType": "host",
          "props": Object {
            "children": <div
              className="container"
>
              Made with 
              <span
                            className="heart"
              >
                            ♥
              </span>
               by
               
              <a
                            className="text-lighten-3"
                            href="https://dougwt.com"
              >
                            @dougwt
              </a>
</div>,
            "className": "footer-copyright",
          },
          "ref": null,
          "rendered": Object {
            "instance": null,
            "key": undefined,
            "nodeType": "host",
            "props": Object {
              "children": Array [
                "Made with ",
                <span
                  className="heart"
>
                  ♥
</span>,
                " by",
                " ",
                <a
                  className="text-lighten-3"
                  href="https://dougwt.com"
>
                  @dougwt
</a>,
              ],
              "className": "container",
            },
            "ref": null,
            "rendered": Array [
              "Made with ",
              Object {
                "instance": null,
                "key": undefined,
                "nodeType": "host",
                "props": Object {
                  "children": "♥",
                  "className": "heart",
                },
                "ref": null,
                "rendered": "♥",
                "type": "span",
              },
              " by",
              " ",
              Object {
                "instance": null,
                "key": undefined,
                "nodeType": "host",
                "props": Object {
                  "children": "@dougwt",
                  "className": "text-lighten-3",
                  "href": "https://dougwt.com",
                },
                "ref": null,
                "rendered": "@dougwt",
                "type": "a",
              },
            ],
            "type": "div",
          },
          "type": "div",
        },
      ],
      "type": "footer",
    },
  ],
  Symbol(enzyme.__options__): Object {
    "adapter": ReactSixteenAdapter {
      "options": Object {
        "enableComponentDidUpdateOnSetState": true,
      },
    },
    "disableLifecycleMethods": true,
  },
}
`;
